// Jest Snapshot v1, https://goo.gl/fbAQLP

exports[`components/Filter.vue when query loading has the expected html structure 1`] = `
<div
  class="container"
>
  <transition-stub>
    <div
      class="loading"
    >
      
      <div
        class="button"
      >
        <div
          class="skeleton"
        />
      </div>
      <div
        class="button"
      >
        <div
          class="skeleton"
        />
      </div>
      <div
        class="button"
      >
        <div
          class="skeleton"
        />
      </div>
      <div
        class="button"
      >
        <div
          class="skeleton"
        />
      </div>
      <div
        class="button"
      >
        <div
          class="skeleton"
        />
      </div>
      <div
        class="button"
      >
        <div
          class="skeleton"
        />
      </div>
      <div
        class="button"
      >
        <div
          class="skeleton"
        />
      </div>
      <div
        class="button"
      >
        <div
          class="skeleton"
        />
      </div>
      <div
        class="button"
      >
        <div
          class="skeleton"
        />
      </div>
      <div
        class="button"
      >
        <div
          class="skeleton"
        />
      </div>
      <div
        class="button"
      >
        <div
          class="skeleton"
        />
      </div>
      <div
        class="button"
      >
        <div
          class="skeleton"
        />
      </div>
      <div
        class="button"
      >
        <div
          class="skeleton"
        />
      </div>
      <div
        class="button"
      >
        <div
          class="skeleton"
        />
      </div>
      <div
        class="button"
      >
        <div
          class="skeleton"
        />
      </div>
      <div
        class="button"
      >
        <div
          class="skeleton"
        />
      </div>
      <div
        class="button"
      >
        <div
          class="skeleton"
        />
      </div>
      <div
        class="button"
      >
        <div
          class="skeleton"
        />
      </div>
      
    </div>
  </transition-stub>
</div>
`;
